apiVersion: v1
kind: Namespace
metadata:
  annotations: {}
  labels:
    name: syn-stackgres-operator
  name: syn-stackgres-operator
