apiVersion: rbac.authorization.k8s.io/v1
kind: ClusterRole
metadata:
  annotations:
    argocd.argoproj.io/hook: PreSync
  labels:
    name: stackgres-init-additional-permissions
  name: stackgres-init-additional-permissions
rules:
  - apiGroups:
      - rbac.authorization.k8s.io
    resources:
      - clusterrolebindings
    verbs:
      - delete
      - get
      - list
      - watch
