apiVersion: rbac.authorization.k8s.io/v1
kind: ClusterRoleBinding
metadata:
  annotations:
    argocd.argoproj.io/hook: PreSync
  labels:
    name: stackgres-init-additional-permissions-rolebinding
  name: stackgres-init-additional-permissions-rolebinding
roleRef:
  apiGroup: rbac.authorization.k8s.io
  kind: ClusterRole
  name: stackgres-init-additional-permissions
subjects:
  - kind: ServiceAccount
    name: stackgres-operator-init
    namespace: syn-stackgres-operator
