apiVersion: v1
kind: ServiceAccount
metadata:
  annotations:
    argocd.argoproj.io/hook: PreSync
  labels:
    name: stackgres-init-additional-permissions
  name: stackgres-init-additional-permissions
