apiVersion: batch/v1
kind: Job
metadata:
  annotations:
    argocd.argoproj.io/hook: PreSync
  generateName: clean-certificates-job-
spec:
  template:
    spec:
      containers:
        - args: []
          command:
            - /bin/bash
            - -cex
            - |
              #!/bin/bash

              kubectl delete --ignore-not-found=true clusterrolebindings.rbac.authorization.k8s.io stackgres-operator-init

              kubectl -n "$NAMESPACE" delete --ignore-not-found=true certs --all

              kubectl -n "$NAMESPACE" delete --ignore-not-found=true secrets stackgres-operator-certs stackgres-operator-web-certs

              kubectl -n "$NAMESPACE" delete --ignore-not-found=true issuers.cert-manager.io stackgres-operator-ca-issuer stackgres-operator-self-signed-issuer
          env:
            - name: NAMESPACE
              value: syn-stackgres-operator
          image: docker.io/bitnami/kubectl:1.24
          name: kubectl
      restartPolicy: OnFailure
      serviceAccountName: stackgres-init-additional-permissions
