apiVersion: batch/v1
kind: Job
metadata:
  annotations:
    helm.sh/hook: post-install,post-upgrade
    helm.sh/hook-delete-policy: before-hook-creation,hook-succeeded
    helm.sh/hook-weight: '10'
  labels:
    app: stackgres-restapi-set-password
    job: set-password
    scope: init
  name: stackgres-restapi-set-password
  namespace: syn-stackgres-operator
spec:
  completions: 1
  parallelism: 1
  template:
    metadata:
      labels:
        app: stackgres-restapi-set-password
        job: set-password
        scope: init
    spec:
      containers:
        - args: []
          command:
            - /bin/bash
            - -ecx
            - |
              #!/bin/bash

              pw=$(kubectl -n "$NAMESPACE" get secret stackgres-restapi -o jsonpath="{.data.password}")
              if [ -z "$pw" ]
              then
                echo "setting password"
                pw=$(openssl rand -base64 40)
                pw64=$(echo -n "$pw" | base64 -w0)
                pwSha64=$(echo -n "$USER""$pw" | sha256sum | awk -F' ' '{printf($1)}' | base64 -w0)

                patch=$(printf "{\"data\": {\"clearPassword\": \"%s\",\"password\":\"%s\"}}" "$pw64" "$pwSha64")
                kubectl -n "$NAMESPACE" patch secret stackgres-restapi --patch "$patch"
              else
                echo "password already set"
              fi
          env:
            - name: NAMESPACE
              value: syn-stackgres-operator
            - name: USER
              value: admin
          image: docker.io/bitnami/kubectl:1.24
          imagePullPolicy: IfNotPresent
          name: set-password
          ports: []
          stdin: false
          tty: false
          volumeMounts: []
      restartPolicy: OnFailure
      serviceAccountName: stackgres-operator-init
