apiVersion: batch/v1
kind: Job
metadata:
  annotations:
    helm.sh/hook: post-upgrade
    helm.sh/hook-delete-policy: before-hook-creation,hook-succeeded
    helm.sh/hook-weight: '50'
  labels:
    app: stackgres-operator
    job: cr-updater
    scope: init
  name: stackgres-operator-cr-updater
  namespace: syn-stackgres-operator
spec:
  template:
    metadata:
      labels:
        app: stackgres-operator
        job: cr-updater
        scope: init
    spec:
      containers:
        - env:
            - name: OPERATOR_NAME
              value: stackgres-operator
            - name: OPERATOR_NAMESPACE
              valueFrom:
                fieldRef:
                  apiVersion: v1
                  fieldPath: metadata.namespace
            - name: CR_UPDATER
              value: 'true'
          image: stackgres/jobs:1.4.0
          imagePullPolicy: IfNotPresent
          name: stackgres-jobs
          securityContext: null
      restartPolicy: OnFailure
      securityContext: null
      serviceAccountName: stackgres-operator-init
      terminationGracePeriodSeconds: 0
