apiVersion: v1
kind: ServiceAccount
metadata:
  annotations:
    helm.sh/hook: post-install,post-upgrade
    helm.sh/hook-delete-policy: before-hook-creation,hook-succeeded
    helm.sh/hook-weight: '-100'
  name: stackgres-operator-init
  namespace: syn-stackgres-operator
---
apiVersion: rbac.authorization.k8s.io/v1
kind: ClusterRoleBinding
metadata:
  annotations:
    helm.sh/hook: post-install,post-upgrade
    helm.sh/hook-delete-policy: before-hook-creation,hook-succeeded
    helm.sh/hook-weight: '-100'
  name: stackgres-operator-init
  namespace: syn-stackgres-operator
roleRef:
  apiGroup: rbac.authorization.k8s.io
  kind: ClusterRole
  name: cluster-admin
subjects:
  - kind: ServiceAccount
    name: stackgres-operator-init
    namespace: syn-stackgres-operator
