apiVersion: rbac.authorization.k8s.io/v1
kind: ClusterRoleBinding
metadata:
  name: stackgres-operator
roleRef:
  apiGroup: rbac.authorization.k8s.io
  kind: ClusterRole
  name: stackgres-operator
subjects:
  - kind: ServiceAccount
    name: stackgres-operator
    namespace: syn-stackgres-operator
