apiVersion: v1
kind: ServiceAccount
metadata:
  name: stackgres-operator
  namespace: syn-stackgres-operator
