apiVersion: v1
kind: ServiceAccount
metadata:
  annotations:
    meta.helm.sh/release-name: stackgres-operator
    meta.helm.sh/release-namespace: syn-stackgres-operator
  labels:
    app.kubernetes.io/managed-by: Helm
  name: stackgres-restapi
  namespace: syn-stackgres-operator
---
apiVersion: rbac.authorization.k8s.io/v1
kind: ClusterRole
metadata:
  annotations:
    meta.helm.sh/release-name: stackgres-operator
    meta.helm.sh/release-namespace: syn-stackgres-operator
  labels:
    app.kubernetes.io/managed-by: Helm
  name: stackgres-restapi
rules:
  - apiGroups:
      - ''
    resources:
      - users
      - groups
      - serviceaccount
    verbs:
      - impersonate
  - apiGroups:
      - authorization.k8s.io
    resources:
      - subjectaccessreviews
    verbs:
      - create
  - apiGroups:
      - ''
    resources:
      - secrets
    verbs:
      - get
      - list
---
apiVersion: rbac.authorization.k8s.io/v1
kind: ClusterRoleBinding
metadata:
  annotations:
    meta.helm.sh/release-name: stackgres-operator
    meta.helm.sh/release-namespace: syn-stackgres-operator
  labels:
    app.kubernetes.io/managed-by: Helm
  name: stackgres-restapi
roleRef:
  apiGroup: rbac.authorization.k8s.io
  kind: ClusterRole
  name: stackgres-restapi
subjects:
  - kind: ServiceAccount
    name: stackgres-restapi
    namespace: syn-stackgres-operator
