apiVersion: rbac.authorization.k8s.io/v1
kind: ClusterRole
metadata:
  annotations:
    meta.helm.sh/release-name: stackgres-operator
    meta.helm.sh/release-namespace: syn-stackgres-operator
  labels:
    app.kubernetes.io/managed-by: Helm
  name: stackgres-restapi
rules:
  - apiGroups:
      - ''
    resources:
      - users
      - groups
      - serviceaccount
    verbs:
      - impersonate
  - apiGroups:
      - authorization.k8s.io
    resources:
      - subjectaccessreviews
    verbs:
      - create
  - apiGroups:
      - ''
    resources:
      - secrets
    verbs:
      - get
      - list
