apiVersion: rbac.authorization.k8s.io/v1
kind: ClusterRoleBinding
metadata:
  annotations:
    meta.helm.sh/release-name: stackgres-operator
    meta.helm.sh/release-namespace: syn-stackgres-operator
  labels:
    app.kubernetes.io/managed-by: Helm
  name: stackgres-restapi
roleRef:
  apiGroup: rbac.authorization.k8s.io
  kind: ClusterRole
  name: stackgres-restapi
subjects:
  - kind: ServiceAccount
    name: stackgres-restapi
    namespace: syn-stackgres-operator
