apiVersion: v1
data:
  k8sUsername: YWRtaW4=
kind: Secret
metadata:
  annotations:
    meta.helm.sh/release-name: stackgres-operator
    meta.helm.sh/release-namespace: syn-stackgres-operator
  labels:
    api.stackgres.io/auth: user
    app.kubernetes.io/managed-by: Helm
  name: stackgres-restapi
  namespace: syn-stackgres-operator
type: Opaque
