apiVersion: v1
kind: Service
metadata:
  annotations:
    meta.helm.sh/release-name: stackgres-operator
    meta.helm.sh/release-namespace: syn-stackgres-operator
  labels:
    app.kubernetes.io/managed-by: Helm
  name: stackgres-restapi
  namespace: syn-stackgres-operator
spec:
  ports:
    - name: https
      port: 443
      protocol: TCP
      targetPort: https
  selector:
    app: stackgres-restapi
  type: ClusterIP
