spec:
  ignoreDifferences:
    - group: apps
      jsonPointers:
        - /spec/replicas
      kind: Deployment
